[36mvite v6.3.5 [32mbuilding for production...[36m[39m
transforming...
[32mÔ£ô[39m 2432 modules transformed.
node.exe : [33m[esbuild css minify]
At line:1 char:1
+ & "C:\Program Files\nodejs/node.exe" "C:\Program Files\nodejs/node_mo ...
+ ~~~~~~~~~~~~~~~~~~~~~~~~~~~~~~~~~~~~~~~~~~~~~~~~~~~~~~~~~~~~~~~~~~~~~
    + CategoryInfo          : NotSpecified: ([33m[esbuild css minify]:String) 
    [], RemoteException
    + FullyQualifiedErrorId : NativeCommandError
 
Ôû▓ [WARNING] Unexpected "9cbi5xbC1jb250YWluZXIge1xuICBib3gtc2l6aW5nOiBib3JkZXI
tYm94O1xuICBmb250LWZhbWlseTogSGVsdmV0aWNhLCBBcmlhbCwgc2Fucy1zZXJpZjtcbiAgZm9udC
1zaXplOiAxM3B4O1xuICBoZWlnaHQ6IDEwMCU7XG4gIG1hcmdpbjogMHB4O1xuICBwb3NpdGlvbjogc
mVsYXRpdmU7XG59XG4ucWwtY29udGFpbmVyLnFsLWRpc2FibGVkIC5xbC10b29sdGlwIHtcbiAgdmlz
aWJpbGl0eTogaGlkZGVuO1xufVxuLnFsLWNvbnRhaW5lci5xbC1kaXNhYmxlZCAucWwtZWRpdG9yIHV
sW2RhdGEtY2hlY2tlZF0gPiBsaTo6YmVmb3JlIHtcbiAgcG9pbnRlci1ldmVudHM6IG5vbmU7XG59XG
4ucWwtY2xpcGJvYXJkIHtcbiAgbGVmdDogLTEwMDAwMHB4O1xuICBoZWlnaHQ6IDFweDtcbiAgb3Zlc
mZsb3cteTogaGlkZGVuO1xuICBwb3NpdGlvbjogYWJzb2x1dGU7XG4gIHRvcDogNTAlO1xufVxuLnFs
LWNsaXBib2FyZCBwIHtcbiAgbWFyZ2luOiAwO1xuICBwYWRkaW5nOiAwO1xufVxuLnFsLWVkaXRvciB
7XG4gIGJveC1zaXppbmc6IGJvcmRlci1ib3g7XG4gIGxpbmUtaGVpZ2h0OiAxLjQyO1xuICBoZWlnaH
Q6IDEwMCU7XG4gIG91dGxpbmU6IG5vbmU7XG4gIG92ZXJmbG93LXk6IGF1dG87XG4gIHBhZGRpbmc6I
DEycHggMTVweDtcbiAgdGFiLXNpemU6IDQ7XG4gIC1tb3otdGFiLXNpemU6IDQ7XG4gIHRleHQtYWxp
Z246IGxlZnQ7XG4gIHdoaXRlLXNwYWNlOiBwcmUtd3JhcDtcbiAgd29yZC13cmFwOiBicmVhay13b3J
kO1xufVxuLnFsLWVkaXRvciA" [css-syntax-error]

    <stdin>:6510:0:
      6510 Ôöé 
9cbi5xbC1jb250YWluZXIge1xuICBib3gtc2l6aW5nOiBib3JkZXItYm94O1xuIC...
           ÔòÁ ~~~~~~~~~~~~~~~~~~~~~~~~~~~~~~~~~~~~~~~~~~~~~~~~~~~~~~~~~~~~~~~~


Ôû▓ [WARNING] Unterminated string token [css-syntax-error]

    <stdin>:6510:34139:
      6510 Ôöé ...mVyLnFsLXNub3cge1xuICBib3JkZXI6IDFweCBzb2xpZCAjY2NjO1xufVxu" 
*/
           ÔòÁ                                                                 
  ^

[39m
rendering chunks...
computing gzip size...
[2mbuild/[22m[32mindex.html                 [39m[1m[2m    1.43 kB[22m[1m[22m[2m Ôöé gzip:   0.61 kB[22m
[2mbuild/[22m[35massets/index-CXqsiCNQ.css  [39m[1m[2m  139.64 kB[22m[1m[22m[2m Ôöé gzip:  24.24 kB[22m
[2mbuild/[22m[36massets/index-DGQi75Yk.js   [39m[1m[33m1,462.11 kB[39m[22m[2m Ôöé gzip: 371.58 kB[22m
[33m
(!) Some chunks are larger than 500 kB after minification. Consider:
- Using dynamic import() to code-split the application
- Use build.rollupOptions.output.manualChunks to improve chunking: 
https://rollupjs.org/configuration-options/#output-manualchunks
- Adjust chunk size limit for this warning via 
build.chunkSizeWarningLimit.[39m
[32mÔ£ô built in 14.21s[39m
